2026-14-58 23:58  INFO [File Watcher] o.s.b.d.a.LocalDevToolsAutoConfiguration$RestartingClassPathChangeChangedEventListener - Restarting due to 1 class path change (1 addition, 0 deletions, 0 modifications)
2026-14-58 23:58  INFO [Thread-37] o.s.boot.tomcat.GracefulShutdown - Commencing graceful shutdown. Waiting for active requests to complete
2026-14-58 23:58  INFO [tomcat-shutdown] o.a.coyote.http11.Http11NioProtocol - Pausing ProtocolHandler ["http-nio-8080"]
2026-14-58 23:58  INFO [tomcat-shutdown] o.s.boot.tomcat.GracefulShutdown - Graceful shutdown complete
2026-14-58 23:58  INFO [Thread-37] o.a.coyote.http11.Http11NioProtocol - Stopping ProtocolHandler ["http-nio-8080"]
2026-14-58 23:58  INFO [Thread-37] o.s.o.j.LocalContainerEntityManagerFactoryBean - Closing JPA EntityManagerFactory for persistence unit 'default'
2026-14-58 23:58  INFO [Thread-37] com.zaxxer.hikari.HikariDataSource - HikariPool-10 - Shutdown initiated...
2026-14-58 23:58  INFO [Thread-37] com.zaxxer.hikari.HikariDataSource - HikariPool-10 - Shutdown completed.
2026-14-58 23:58  INFO [restartedMain] o.s.EnotesApiServiceApplication - Starting EnotesApiServiceApplication using Java 21.0.4 with PID 12088 (C:\Users\sheet\OneDrive\Documents\GitHub\enotes-api-service\target\classes started by sheet in C:\Users\sheet\OneDrive\Documents\GitHub\enotes-api-service)
2026-14-58 23:58  INFO [restartedMain] o.s.EnotesApiServiceApplication - The following 1 profile is active: "dev"
2026-14-58 23:58  INFO [restartedMain] o.s.d.r.c.RepositoryConfigurationDelegate - Bootstrapping Spring Data JPA repositories in DEFAULT mode.
2026-14-58 23:58  INFO [restartedMain] o.s.d.r.c.RepositoryConfigurationDelegate - Finished Spring Data repository scanning in 39 ms. Found 7 JPA repository interfaces.
2026-14-58 23:58  INFO [restartedMain] o.s.boot.tomcat.TomcatWebServer - Tomcat initialized with port 8080 (http)
2026-14-58 23:58  INFO [restartedMain] o.a.coyote.http11.Http11NioProtocol - Initializing ProtocolHandler ["http-nio-8080"]
2026-14-58 23:58  INFO [restartedMain] o.a.catalina.core.StandardService - Starting service [Tomcat]
2026-14-58 23:58  INFO [restartedMain] o.a.catalina.core.StandardEngine - Starting Servlet engine: [Apache Tomcat/11.0.22]
2026-14-58 23:58  INFO [restartedMain] o.s.b.w.c.s.WebApplicationContextInitializer - Root WebApplicationContext: initialization completed in 755 ms
2026-14-58 23:58  INFO [restartedMain] org.hibernate.orm.jpa - HHH008540: Processing PersistenceUnitInfo [name: default]
2026-14-58 23:58  INFO [restartedMain] o.s.o.j.p.SpringPersistenceUnitInfo - No LoadTimeWeaver setup: ignoring JPA class transformer
2026-14-58 23:58  INFO [restartedMain] com.zaxxer.hikari.HikariDataSource - HikariPool-11 - Starting...
2026-14-58 23:58  INFO [restartedMain] com.zaxxer.hikari.pool.HikariPool - HikariPool-11 - Added connection com.mysql.cj.jdbc.ConnectionImpl@59da6895
2026-14-58 23:58  INFO [restartedMain] com.zaxxer.hikari.HikariDataSource - HikariPool-11 - Start completed.
2026-14-58 23:58  INFO [restartedMain] o.hibernate.orm.connections.pooling - HHH10001005: Database info:
	Database JDBC URL [jdbc:mysql://localhost:3306/enotes_dev]
	Database driver: MySQL Connector/J
	Database dialect: MySQLDialect
	Database version: 8.0.43
	Default catalog/schema: enotes_dev/undefined
	Autocommit mode: undefined/unknown
	Isolation level: REPEATABLE_READ [default REPEATABLE_READ]
	JDBC fetch size: none
	Pool: DataSourceConnectionProvider
	Minimum pool size: undefined/unknown
	Maximum pool size: undefined/unknown
2026-14-58 23:58  INFO [restartedMain] org.hibernate.orm.core - HHH000489: No JTA platform available (set 'hibernate.transaction.jta.platform' to enable JTA platform integration)
2026-14-58 23:58  INFO [restartedMain] o.s.o.j.LocalContainerEntityManagerFactoryBean - Initialized JPA EntityManagerFactory for persistence unit 'default'
2026-14-58 23:58  INFO [restartedMain] o.s.s.c.a.a.c.InitializeAuthenticationProviderBeanManagerConfigurer$InitializeAuthenticationProviderManagerConfigurer - Global AuthenticationManager configured with AuthenticationProvider bean with name authenticationProvider
2026-14-58 23:58  WARN [restartedMain] o.s.s.c.a.a.c.InitializeUserDetailsBeanManagerConfigurer$InitializeUserDetailsManagerConfigurer - Global AuthenticationManager configured with an AuthenticationProvider bean. UserDetailsService beans will not be used by Spring Security for automatically configuring username/password login. Consider removing the AuthenticationProvider bean. Alternatively, consider using the UserDetailsService in a manually instantiated DaoAuthenticationProvider. If the current configuration is intentional, to turn off this warning, increase the logging level of 'org.springframework.security.config.annotation.authentication.configuration.InitializeUserDetailsBeanManagerConfigurer' to ERROR
2026-14-58 23:58  WARN [restartedMain] o.s.b.j.a.JpaBaseConfiguration$JpaWebConfiguration - spring.jpa.open-in-view is enabled by default. Therefore, database queries may be performed during view rendering. Explicitly configure spring.jpa.open-in-view to disable this warning
2026-14-58 23:58  INFO [restartedMain] o.s.b.a.e.web.EndpointLinksResolver - Exposing 12 endpoints beneath base path '/actuator'
2026-14-58 23:58  INFO [restartedMain] o.a.coyote.http11.Http11NioProtocol - Starting ProtocolHandler ["http-nio-8080"]
2026-14-58 23:58  INFO [restartedMain] o.s.boot.tomcat.TomcatWebServer - Tomcat started on port 8080 (http) with context path '/'
2026-14-58 23:58  INFO [restartedMain] o.s.EnotesApiServiceApplication - Started EnotesApiServiceApplication in 2.975 seconds (process running for 5730.69)
2026-14-58 23:58  WARN [restartedMain] o.s.c.events.SpringDocAppInitializer - SpringDoc /enotes-api-doc endpoint is enabled by default. To disable it in production, set the property 'springdoc.api-docs.enabled=false'
2026-14-58 23:58  WARN [restartedMain] o.s.c.events.SpringDocAppInitializer - SpringDoc /enotes-doc endpoint is enabled by default. To disable it in production, set the property 'springdoc.swagger-ui.enabled=false'
2026-14-58 23:58  INFO [restartedMain] o.s.b.d.a.ConditionEvaluationDeltaLoggingListener - Condition evaluation unchanged
